// Jest Snapshot v1, https://goo.gl/fbAQLP

exports[`components/Header renders Header component 1`] = `
<div>
  <header
    class="css-yntd52"
  >
    <h1
      class="css-1bnv22i"
      color="white"
      font-size="small,medium,large"
    >
      MySkills
    </h1>
  </header>
</div>
`;
