// Jest Snapshot v1, https://goo.gl/fbAQLP

exports[`pages/Login renders without errors 1`] = `
<div>
  <div
    class="css-1lai7io"
  >
    <button>
      LOGIN
    </button>
  </div>
</div>
`;
