// Jest Snapshot v1, https://goo.gl/fbAQLP

exports[`views/Register renders without errors 1`] = `
<div>
  <div
    class="css-128i4b2"
  >
    <button
      class="css-1qzvtil"
      font-family="default"
      font-size="medium"
    >
      Register
    </button>
  </div>
</div>
`;
