// Jest Snapshot v1, https://goo.gl/fbAQLP

exports[`components/ButtonLink renders an anchor tag 1`] = `
<div>
  <a
    class="css-1wchlh6"
    font-size="medium"
    href="/test"
  >
    Link text
  </a>
</div>
`;
