// Jest Snapshot v1, https://goo.gl/fbAQLP

exports[`views/Login renders without errors 1`] = `
<div>
  <button
    class="css-1fyzulv"
    font-family="default"
    font-size="medium"
  >
    Login
  </button>
</div>
`;
