// Jest Snapshot v1, https://goo.gl/fbAQLP

exports[`views/profile/Home should render with profile data 1`] = `
<div>
  <div
    class="css-1wk798u"
  >
    <div
      class="css-1bqxkm"
    >
      <button
        class="css-ffgl9m"
      >
        <img
          alt="save_as_pdf"
          src="save_pdf.svg"
        />
      </button>
      <div
        class="css-1jo84sd"
      >
        <p
          class="css-twz9yi"
          font-family="default"
          font-size="medium"
        >
          Inget yrke angivet
        </p>
        <img
          alt="edit"
          class="css-ns6bdc"
          src="edit.svg"
        />
      </div>
      <p
        class="css-qlepwc"
        font-family="default"
        font-size="large"
        font-weight="bold"
      >
        Inget namn angivet
      </p>
    </div>
    <div
      class="css-29r7oe"
    >
      <div
        class="css-46fyds"
      >
        <a
          class="css-jbzzha"
          color="persianBlue"
          font-weight="500"
          href="/editplace"
        >
          <img
            alt="Edit data"
            src="edit.svg"
          />
        </a>
        <p
          class="css-wacz66"
          font-family="default"
          font-size="small"
        >
          Jag är en snäll och gullig person som gillar att äta bröd och godis och frukost och middag. Jag är ansvarstagande och stresshantering 
        </p>
      </div>
      <div
        class="css-metx23"
      >
        <a
          class="css-jbzzha"
          color="persianBlue"
          font-weight="500"
          href="/editplace"
        >
          <img
            alt="Edit data"
            src="edit_image.svg"
          />
        </a>
        Bild
      </div>
    </div>
    <div
      class="css-29r7oe"
    >
      <div
        class="css-mefo75"
      >
        <a
          class="css-jbzzha"
          color="persianBlue"
          font-weight="500"
          href="/editplace"
        >
          <img
            alt="Edit data"
            src="edit.svg"
          />
        </a>
        <h2
          class="css-an7vzf"
          color="black"
          font-family="default"
          font-size="medium"
        >
          Egenskaper
        </h2>
        <p
          class="css-wacz66"
          font-family="default"
          font-size="small"
        >
          Ansvarstagande
          ,
        </p>
        <p
          class="css-wacz66"
          font-family="default"
          font-size="small"
        >
          Frukost
          ,
        </p>
        <p
          class="css-wacz66"
          font-family="default"
          font-size="small"
        >
          Stresshantering
          ,
        </p>
        <p
          class="css-wacz66"
          font-family="default"
          font-size="small"
        >
          Snäll
          ,
        </p>
        <p
          class="css-wacz66"
          font-family="default"
          font-size="small"
        >
          Godis
          ,
        </p>
      </div>
      <div
        class="css-mefo75"
      >
        <a
          class="css-jbzzha"
          color="persianBlue"
          font-weight="500"
          href="/editplace"
        >
          <img
            alt="Edit data"
            src="edit.svg"
          />
        </a>
        <h2
          class="css-an7vzf"
          color="black"
          font-family="default"
          font-size="medium"
        >
          Kompetens
        </h2>
        <p
          class="css-wacz66"
          font-family="default"
          font-size="small"
        >
          Microsoft azure
          ,
        </p>
        <p
          class="css-wacz66"
          font-family="default"
          font-size="small"
        >
          Microsoft biztalk
          ,
        </p>
        <p
          class="css-wacz66"
          font-family="default"
          font-size="small"
        >
          Integrationslösningar
          ,
        </p>
        <p
          class="css-wacz66"
          font-family="default"
          font-size="small"
        >
          Integrationsverktyg
          ,
        </p>
      </div>
    </div>
    <div
      class="css-29r7oe"
    >
      <div
        class="css-mefo75"
      >
        <a
          class="css-jbzzha"
          color="persianBlue"
          font-weight="500"
          href="/editplace"
        >
          <img
            alt="Edit data"
            src="edit.svg"
          />
        </a>
        <h2
          class="css-an7vzf"
          color="black"
          font-family="default"
          font-size="medium"
        >
          Utbildning
        </h2>
        <p
          class="css-wacz66"
          font-family="default"
          font-size="small"
        >
          Webbutvecklare
        </p>
      </div>
      <div
        class="css-mefo75"
      >
        <a
          class="css-jbzzha"
          color="persianBlue"
          font-weight="500"
          href="/editplace"
        >
          <img
            alt="Edit data"
            src="edit.svg"
          />
        </a>
        <p
          class="css-63olqc"
          font-family="default"
          font-size="small"
        >
          4 års erfarenhet som 
                  Systemutvecklare.
        </p>
        <p
          class="css-wacz66"
          font-family="default"
          font-size="small"
        >
          Kung
        </p>
      </div>
    </div>
    <div
      class="css-1iewklz"
    >
      <a
        class="css-tzjau4"
        color="persianBlue"
        font-weight="500"
        href="/profil/"
        width="100%"
      >
        <button
          class="css-1ifp9gy"
          font-family="default"
          font-size="medium"
          width="inherit"
        >
          <div
            class="css-6591i1"
          >
            <svg
              fill="none"
              height="18"
              viewBox="0 0 18 18"
              width="18"
              xmlns="http://www.w3.org/2000/svg"
            >
              <path
                d="M9 9C10.6575 9 12 7.6575 12 6C12 4.3425 10.6575 3 9 3C7.3425 3 6 4.3425 6 6C6 7.6575 7.3425 9 9 9ZM9 10.5C6.9975 10.5 3 11.505 3 13.5V15H15V13.5C15 11.505 11.0025 10.5 9 10.5Z"
                fill="black"
              />
            </svg>
            Min profil
          </div>
        </button>
      </a>
      <a
        class="css-tzjau4"
        color="persianBlue"
        font-weight="500"
        href="//tidslinje"
        width="100%"
      >
        <button
          class="css-1ifp9gy"
          font-family="default"
          font-size="medium"
          width="inherit"
        >
          <div
            class="css-6591i1"
          >
            <svg
              fill="none"
              height="10"
              viewBox="0 0 21 10"
              width="21"
              xmlns="http://www.w3.org/2000/svg"
            >
              <path
                d="M20.0571 1.66667C20.0571 2.58333 19.2723 3.33333 18.313 3.33333C18.156 3.33333 18.0077 3.31667 17.8682 3.275L14.7635 6.23333C14.8071 6.36667 14.8246 6.51667 14.8246 6.66667C14.8246 7.58333 14.0397 8.33333 13.0804 8.33333C12.1211 8.33333 11.3362 7.58333 11.3362 6.66667C11.3362 6.51667 11.3536 6.36667 11.3973 6.23333L9.17342 4.10833C9.03388 4.15 8.87691 4.16667 8.71993 4.16667C8.56295 4.16667 8.40598 4.15 8.26644 4.10833L4.29842 7.90833C4.34202 8.04167 4.35947 8.18333 4.35947 8.33333C4.35947 9.25 3.57458 10 2.61528 10C1.65598 10 0.871094 9.25 0.871094 8.33333C0.871094 7.41667 1.65598 6.66667 2.61528 6.66667C2.77226 6.66667 2.92051 6.68333 3.06005 6.725L7.03679 2.93333C6.99319 2.8 6.97574 2.65 6.97574 2.5C6.97574 1.58333 7.76063 0.833333 8.71993 0.833333C9.67923 0.833333 10.4641 1.58333 10.4641 2.5C10.4641 2.65 10.4467 2.8 10.4031 2.93333L12.6269 5.05833C12.7664 5.01667 12.9234 5 13.0804 5C13.2374 5 13.3943 5.01667 13.5339 5.05833L16.6298 2.09167C16.5862 1.95833 16.5688 1.81667 16.5688 1.66667C16.5688 0.75 17.3536 0 18.313 0C19.2723 0 20.0571 0.75 20.0571 1.66667Z"
                fill="black"
              />
            </svg>
            Tidslinje
          </div>
        </button>
      </a>
    </div>
  </div>
</div>
`;
