// Jest Snapshot v1, https://goo.gl/fbAQLP

exports[`views/AddExperience renders empty result 1`] = `
<div>
  <div
    class="css-fhv5oa"
  >
    <input
      class="css-t7p25u"
      name="search"
      placeholder="SÃ¶k yrken"
    />
  </div>
</div>
`;
