// Jest Snapshot v1, https://goo.gl/fbAQLP

exports[`components/Input renders an Input 1`] = `
<div>
  <input
    class="css-90stuz"
    font-family="default"
    font-size="medium"
    name="search"
  />
</div>
`;
