// Jest Snapshot v1, https://goo.gl/fbAQLP

exports[`components/List renders a List 1`] = `
<div>
  <ul
    class="css-908tws"
    color="lassekongo"
  />
</div>
`;
