// Jest Snapshot v1, https://goo.gl/fbAQLP

exports[`components/ListItem renders a ListItem 1`] = `
<div>
  <li
    class="css-pxl19e"
    color="black"
  />
</div>
`;
