// Jest Snapshot v1, https://goo.gl/fbAQLP

exports[`components/Footer renders Footer component 1`] = `
<div>
  <footer
    class="css-r60k7j"
  >
    <p>
      This is footer
    </p>
  </footer>
</div>
`;
